// Jest Snapshot v1, https://goo.gl/fbAQLP

exports[`Dice component renders correctly 1`] = `ShallowWrapper {}`;

exports[`component renders correctly 1`] = `ShallowWrapper {}`;
